{
  "delegate_staking_balance": 59743831158,
  "total_reward_amount": 55000000,
  "delegator_balance_dict": {
    "KT1Fd17ajP529Bb19KkttGjBPyAFZfR9PHGg": {
      "staking_balance": 420364
    },
    "tz1UrvVUDS51RgHaCRPrKgVja4XPEtpkcmgg": {
      "staking_balance": 51766281
    },
    "KT1SpuJFH2tkV6Jq84ycPPywvBzD7ZwCXtjF": {
      "staking_balance": 2604
    },
    "KT1Uj2JRgk1FTvb1bTE3wrjR47Aso877i4oo": {
      "staking_balance": 39252393
    },
    "KT18mp6845CdSkBXhXJsnp7gnVDf2mnSbLTU": {
      "staking_balance": 8844407
    },
    "KT1DNpohYW9pNQakuVCQurp8cztJPkX6p5xH": {
      "staking_balance": 3051438
    },
    "tz1RFaH43DyPqHcZ6jB1Ny4pSaVqWERxMnSz": {
      "staking_balance": 115945
    },
    "KT1TAKJu5bh1ExnXBC4qNHSyY4HVVVBftiri": {
      "staking_balance": 3
    },
    "KT1NgQzqpfWtrwUAubWzKx3u68kej1VrBEPb": {
      "staking_balance": 389944955
    },
    "KT1RpYzgSfJwUmvEueWU9HmdkZRi8S8YmaM6": {
      "staking_balance": 759727
    },
    "KT1Uc5HdJofB2F2FU6bRQWvz9KUGcat3uk46": {
      "staking_balance": 6795398
    },
    "KT1FR1Stvv87sS7RjK1rSdjGBCbKev7RwkJq": {
      "staking_balance": 22779
    },
    "KT1P1dFyc6gWH1Z9vVuaEJLveuGoQeR9zQYh": {
      "staking_balance": 10491857
    },
    "KT1U1H1sy18UW2EZivtcpyC2QWkunoXG8zCP": {
      "staking_balance": 5160943634
    },
    "KT1VUQSWgCeUhKmsWDnAqKR7YXfjfBy6Djyg": {
      "staking_balance": 2669
    },
    "KT1UDapGsgYYkcSFmfwkC1W1jkwrThmwm6xT": {
      "staking_balance": 18982
    },
    "KT1QfFqjjMKJnpT1kbZRdftdTfbtN6dTbx2Y": {
      "staking_balance": 11709718
    },
    "KT1SLGzbKqnZwikm6Rjs71UqQMHc1Dbj87TT": {
      "staking_balance": 3587005
    },
    "KT1Kebkh4xufPzGpagxCEmPQLwfaWjoSP2wC": {
      "staking_balance": 339095721
    },
    "KT1DFVwBQ1PehxbcBoXjfRHcENgSBsZntA4C": {
      "staking_balance": 177174346
    },
    "KT1H1XBKSm7cM6cTtSf6U7r3tdEFJtZpdhu6": {
      "staking_balance": 65372
    },
    "KT1SJrEL8h966qBfoekPAx4LPd1couCRvBq3": {
      "staking_balance": 6454931
    },
    "KT1Q9aUShQabvXejEQMfDs3Ep8Ez4EtjygLW": {
      "staking_balance": 53935
    },
    "KT1MMQ8A5UqVWUawB8HP4CqaoTbhxYJEpevj": {
      "staking_balance": 6226
    },
    "KT1F41VjtH165yNauooDe9ARYqmNWSLk2HM8": {
      "staking_balance": 437918
    },
    "KT1KVkvTofxZ5Mfud9AwX3DUS1CMw38MF8cN": {
      "staking_balance": 2260754357
    },
    "KT1DvuYtR3B5rrvDhZEXbUSgVyFRuFFcxCCs": {
      "staking_balance": 1375654212
    },
    "KT1An3sAd9fZbfuW5qp7g1Da1wuu9hnNobQx": {
      "staking_balance": 30663296
    },
    "KT18jK8Es8diKoaKaqCW5H6ZMnruXcq2URvj": {
      "staking_balance": 791248878
    },
    "KT1NVQpx8GnoW4DYeFgMVmSaU21Hs7YR5hzV": {
      "staking_balance": 2092613
    },
    "KT1XpjuqV623y2juyT63CNdzcfyR1KM8cV3n": {
      "staking_balance": 46845
    },
    "KT1TuSj17TBJjDfZ5KcW26PjgmueRNZZ5Cor": {
      "staking_balance": 733893258
    },
    "KT1BYkiDtkL9VrpYpFArfojmZbZuGV3Cqjq1": {
      "staking_balance": 1483
    },
    "KT1EhrYWLZuvjGJUt5amAjwFeWse7dFxUyBK": {
      "staking_balance": 5567
    },
    "KT1AX36quxrMoP4yiEFsByRea2zBNBYfNmbH": {
      "staking_balance": 3385837882
    },
    "KT1SQFLVNSyuqXuNw1xDvRkueZ3Jvs2zZhF1": {
      "staking_balance": 722531732
    },
    "KT1FJF49WB3FvaXM8RCvZwdU9t7JvCwNZNfa": {
      "staking_balance": 754381542
    },
    "KT1TzsA9DC9ChDD2XEmydtws1weT3rAXWXu7": {
      "staking_balance": 1992011813
    },
    "KT1PXPu7rRYS6CohaqxhUo4tHmuMSrKRf2Ke": {
      "staking_balance": 2029822406
    },
    "KT1VFbJX9AtgdEd8fKVEX5kBYXJ21j1V3YLh": {
      "staking_balance": 630222
    },
    "KT1Lg3RHh1kkaLhC8tCRSnn1RFPESeqY1GxC": {
      "staking_balance": 1996449296
    },
    "KT1UWCGQsEvHYqsBjzbod4wuP3S2Ry3ekZHQ": {
      "staking_balance": 1480049
    },
    "KT1VX5KYuK6jeTwnjmxuxQjAAx98pA2NiGgU": {
      "staking_balance": 22
    },
    "KT1SQEWWBf7fvGZ2rtPJy7XE5zgJbHGAsdGo": {
      "staking_balance": 4665449
    },
    "KT1VXsXeJrczr2mePB4ZyW4dUJo28E9Y1VAV": {
      "staking_balance": 20765605
    },
    "KT1RB4K9cHwCRLir7TVY6ZSfzNR2Z8iN7Dj2": {
      "staking_balance": 43447355
    },
    "KT1SJqFJP9UfekJvprFvqiUqN9FpBDSECBqW": {
      "staking_balance": 1224307173
    },
    "KT1B7NRjiDAmoFQfw5QysCRCLqr5rkn1Zc7P": {
      "staking_balance": 75410
    },
    "KT1QHGZjR1b5rFa2cRXbaH8f2eRCyEg3Xcdp": {
      "staking_balance": 21535172
    },
    "KT1De7TcrftotdACpbcVwcQTXViQebrccap7": {
      "staking_balance": 16
    },
    "KT1E2YGrrWU6TKn5Su5ESXQ5ZFhaeimbyZiY": {
      "staking_balance": 5000
    },
    "KT1KRTFLuFwPmF2erk5WFhuRMCyL8bsti6Hg": {
      "staking_balance": 13085145
    },
    "KT1VqcMWXmTB7Lnzo6km45e23rwWW9htjSEo": {
      "staking_balance": 8107570
    },
    "tz1KmrZX8kP1tsEq456uETNr5wGz8TyqB8Tw": {
      "staking_balance": 434577988
    },
    "KT19Musu3aNXm7DGcSyYNRracKJXfMevrvRK": {
      "staking_balance": 1946846
    },
    "KT1JA4MnU6kXTbc5epwehMAGrwYhgcgbZvAE": {
      "staking_balance": 5281397
    },
    "KT1TRU91vRAXcVQTYn5Gea61cc7i685wMrdV": {
      "staking_balance": 862742447
    },
    "KT1UUoS6T6nDPSRTmeSnuLoZfpiJhR9aXgx8": {
      "staking_balance": 2781704198
    },
    "tz1bM5qYwvVLaLTcNFR4oEXDrMbaEEAmifiN": {
      "staking_balance": 11616106
    },
    "KT1AiJ1pSZbcvTnJuxqcj12yQ1BT8MqP8RCp": {
      "staking_balance": 6881591
    },
    "KT1WY4tyiSyR92RXnJS2fNg53qwjV9XEQ8Ak": {
      "staking_balance": 283
    },
    "KT1HDAiZCHNPYQe7tg3nvXWZvFhroSWocUrb": {
      "staking_balance": 570
    },
    "KT1EPA2uDQD6ZsoJtMjgKtruneYDZLL6cLCv": {
      "staking_balance": 226
    },
    "KT1Ln1cx24tfX3bYX1FajNctZDEfVk2NuAtQ": {
      "staking_balance": 8616271
    },
    "KT198Vo5y3UF98sfTmHwMtDopMLjApAdaLKK": {
      "staking_balance": 2566
    },
    "KT1V9YcJXNmuTioxV5zZpNgdY3rCEskcbYjQ": {
      "staking_balance": 22284449
    },
    "KT1Xg4HKQTqUpm71Ss2qRA5J89ePzLkd3W5f": {
      "staking_balance": 259578864
    },
    "KT1Npy9Kq17vbfmzHuadkx62it23UzhsdU65": {
      "staking_balance": 8124952
    },
    "KT1SJZRiYu7ae16JuGzqZyUMPhDWs229dKRg": {
      "staking_balance": 5813771
    },
    "KT1NFeH6D2sw8jsR99fH3Nxpoif9Xdf5WcS3": {
      "staking_balance": 340783629
    },
    "KT1UuFV5sgijRNT5j7i5hHtrHrkjystrPVCd": {
      "staking_balance": 3376085
    },
    "KT1NMD4PJyuZSUWgFUWmG5dZprxa7BZ9e4Ps": {
      "staking_balance": 136265507
    },
    "tz1Lf5U2dE7vE2HxfeW5hrL4j91LmgmTLotS": {
      "staking_balance": 1417173
    },
    "tz1iVdb6FBt2qFz6qrM8WtRjKsadvyY2frXk": {
      "staking_balance": 10716201558
    },
    "tz1SHyyU4j8zxXoPst6qvSyVJQqjSQispKGe": {
      "staking_balance": 13511550500
    },
    "tz1PWMt4sVpsXtgydo8RwpYjyRkfurr3dcCB": {
      "staking_balance": 41681149
    },
    "tz1bdBWdYfhznYoCVWV32oka6LDx79faiRm7": {
      "staking_balance": 352130500
    }
  }
}