{
  "delegate_staking_balance": 342580974952,
  "total_reward_amount": 172500000,
  "delegator_balance_dict": {
    "tz1S7BFYFFYz3MGwe59zcW5qi1Mbo3XNG9Vd": {
      "staking_balance": 1896223,
      "current_balance": 1896887
    },
    "KT1THBmGTRvUwD6S4mQmwZaQrdv5eTisMsdf": {
      "staking_balance": 303118527289,
      "current_balance": 1821564801
    },
    "KT1Dy5MaeTyQ4CD5teUKPZPU4a9WPTGLyc7L": {
      "staking_balance": 580732,
      "current_balance": 580732
    },
    "KT1DkzqtwjzhCmmpWrvhdKfRDB1QdquBNpJq": {
      "staking_balance": 97466,
      "current_balance": 97466
    },
    "KT1B2WiCAgTbBNLS1dMHpSWfekJYwBRaqgRi": {
      "staking_balance": 4360864,
      "current_balance": 4369038
    },
    "KT1BRpiCSu2kRvXgKgGRZpJWhmQziaesxwj1": {
      "staking_balance": 4118420,
      "current_balance": 4125444
    },
    "KT1GXjiYthQY3TQAT5NhV3pqHkjWNuykouw2": {
      "staking_balance": 2124585,
      "current_balance": 2125760
    },
    "KT1ApCujUE2p5xX9Mtvte3DaBrRdyDXdpdUV": {
      "staking_balance": 3982903,
      "current_balance": 3989359
    },
    "tz1SKZLJt4t5QYjwd98p7Z6EZPB1NHaWZacU": {
      "staking_balance": 1471358301,
      "current_balance": 1459314863
    },
    "tz1ZpoDnbZBMDtRfWvKtDyEb2eYR8MVLrTfP": {
      "staking_balance": 5620,
      "current_balance": 5620
    },
    "tz1XcpwxygAenighVz1VHwHDNr3RkRDGU6Rv": {
      "staking_balance": 16,
      "current_balance": 16
    },
    "tz1PjUC4uCZUMq9q2DYBBdKdUbpRotSzdNuR": {
      "staking_balance": 666374774,
      "current_balance": 671425347
    },
    "tz1KxXcUyoKe4ARpptRb54AFNR4EGUAPXKv5": {
      "staking_balance": 5192195,
      "current_balance": 5204582
    },
    "KT1HcN25PiVUWeCyzcqVFiecUVJygDJi7FH9": {
      "staking_balance": 1695000000,
      "current_balance": 2197068330
    }
  }
}